                        00001         ;
                        00002         ; bootBASIC interpreter in 512 bytes (boot sector)
                        00003         ;
                        00004         ; by Oscar Toledo G.
                        00005         ; http://nanochess.org/
                        00006         ;
                        00007         ; (c) Copyright 2019 Oscar Toledo G.
                        00008         ;
                        00009         ; Creation date: Jul/19/2019. 10pm to 12am.
                        00010         ; Revision date: Jul/20/2019. 10am to 2pm.
                        00011         ;                             Added assignment statement. list now
                        00012         ;                             works. run/goto now works. Added
                        00013         ;                             system and new.
                        00014         ; Revision date: Jul/22/2019. Boot image now includes 'system'
                        00015         ;                             statement.
                        00016         ;
                        00017 
                        00018         ;
                        00019         ; USER'S MANUAL:
                        00020         ;
                        00021         ; Line entry is done with keyboard, finish the line with Enter.
                        00022         ; Only 19 characters per line as maximum.
                        00023         ;
                        00024         ; Backspace can be used, don't be fooled by the fact
                        00025         ; that screen isn't deleted (it's all right in the buffer).
                        00026         ;
                        00027         ; All statements must be in lowercase.
                        00028         ;
                        00029         ; Line numbers can be 1 to 999.
                        00030         ;
                        00031         ; 26 variables are available (a-z)
                        00032         ;
                        00033         ; Numbers (0-65535) can be entered and display as unsigned.
                        00034         ;
                        00035         ; To enter new program lines:
                        00036         ;   10 print "Hello, world!"
                        00037         ;
                        00038         ; To erase program lines:
                        00039         ;   10
                        00040         ;
                        00041         ; To test statements directly (interactive syntax):
                        00042         ;   print "Hello, world!"
                        00043         ;
                        00044         ; To erase the current program:
                        00045         ;   new
                        00046         ;
                        00047         ; To run the current program:
                        00048         ;   run
                        00049         ;
                        00050         ; To list the current program:
                        00051         ;   list
                        00052         ;
                        00053         ; To exit to command-line:
                        00054         ;   system
                        00055         ;
                        00056         ; Statements:
                        00057         ;   var=expr        Assign expr value to var (a-z)
                        00058         ;
                        00059         ;   print expr      Print expression value, new line
                        00060         ;   print expr;     Print expression value, continue
                        00061         ;   print "hello"   Print string, new line
                        00062         ;   print "hello";  Print string, continue
                        00063         ;
                        00064         ;   input var       Input value into variable (a-z)
                        00065         ;
                        00066         ;   goto expr       Goto to indicated line in program
                        00067         ;
                        00068         ;   if expr1 goto expr2
                        00069         ;               If expr1 is non-zero then go to line,
                        00070         ;               else go to following line.
                        00071         ;
                        00072         ; Examples of if:
                        00073         ;
                        00074         ;   if c-5 goto 20  If c isn't 5, go to line 20
                        00075         ;
                        00076         ; Expressions:
                        00077         ;
                        00078         ;   The operators +, -, / and * are available with
                        00079         ;   common precedence rules and signed operation.
                        00080         ;
                        00081         ;   You can also use parentheses:
                        00082         ;
                        00083         ;      5+6*(10/2)
                        00084         ;
                        00085         ;   Variables and numbers can be used in expressions.
                        00086         ;
                        00087         ; Sample program (counting 1 to 10):
                        00088         ;
                        00089         ; 10 a=1
                        00090         ; 20 print a
                        00091         ; 30 a=a+1
                        00092         ; 40 if a-11 goto 20
                        00093         ;
                        00094         ; Sample program (Pascal's triangle, each number is the sum
                        00095         ; of the two over it):
                        00096         ;
                        00097         ; 10 input n
                        00098         ; 20 i=1
                        00099         ; 30 c=1
                        00100         ; 40 j=0
                        00101         ; 50 t=n-i
                        00102         ; 60 if j-t goto 80
                        00103         ; 70 goto 110
                        00104         ; 80 print " ";
                        00105         ; 90 j=j+1
                        00106         ; 100 goto 50
                        00107         ; 110 k=1
                        00108         ; 120 if k-i-1 goto 140
                        00109         ; 130 goto 190
                        00110         ; 140 print c;
                        00111         ; 150 c=c*(i-k)/k
                        00112         ; 160 print " ";
                        00113         ; 170 k=k+1
                        00114         ; 180 goto 120
                        00115         ; 190 print
                        00116         ; 200 i=i+1
                        00117         ; 210 if i-n-1 goto 30
                        00118         ;
                        00119 
                        00120         CPU 8086
                        00121 
                        00122     %IFNDEF COM_FILE    ; If not defined create a boot sector
                        00123 COM_FILE:       EQU 0
                        00124     %ENDIF
                        00125 
                        00126     %IF COM_FILE
                        00127         ORG 0X0100
                        00128     %ELSE
7C00                    00129         ORG 0X7C00
7C00                    00130     %ENDIF
7C00                    00131 
7C00                    00132 VARS:       EQU 0X7E00  ; Variables (multiple of 256)
7C00                    00133 RUNNING:    EQU 0X7E7E  ; Running status
7C00                    00134 LINE:       EQU 0X7E80  ; Line input
7C00                    00135 PROGRAM:    EQU 0X7F00  ; Program address
7C00                    00136 STACK:      EQU 0XFF00  ; Stack address
7C00                    00137 MAX_LINE:   EQU 1000    ; First unavailable line number
7C00                    00138 MAX_LENGTH: EQU 20      ; Maximum length of line
7C00                    00139 MAX_SIZE:   EQU MAX_LINE*MAX_LENGTH ; Max. program size
7C00                    00140 
7C00                    00141 START:
7C00                    00142     %IF COM_FILE
7C00                    00143     %ELSE
7C00  0E                00144         PUSH CS         ; For boot sector
7C01  0E                00145         PUSH CS         ; it needs to setup
7C02  0E                00146         PUSH CS         ; DS, ES and SS.
7C03  1F                00147         POP DS
7C04  07                00148         POP ES
7C05  17                00149         POP SS
7C06                    00150     %ENDIF
7C06  FC                00151         CLD             ; Clear Direction flag
7C07  BF007F            00152         MOV DI,PROGRAM  ; Point to program
7C0A  B00D              00153         MOV AL,0X0D     ; Fill with CR
7C0C  B9204E            00154         MOV CX,MAX_SIZE ; Max. program size
7C0F  F3AA              00155         REP STOSB       ; Initialize
7C11                    00156 
7C11                    00157         ;
7C11                    00158         ; Main loop
7C11                    00159         ;
7C11                    00160 MAIN_LOOP:
7C11  BC00FF            00161         MOV SP,STACK    ; Reinitialize stack pointer
7C14  B8117C            00162         MOV AX,MAIN_LOOP
7C17  50                00163         PUSH AX
7C18  31C0              00164         XOR AX,AX       ; Mark as interactive
7C1A  A37E7E            00165         MOV [RUNNING],AX
7C1D  B03E              00166         MOV AL,'>'      ; Show prompt
7C1F  E85001            00167         CALL INPUT_LINE ; Accept line
7C22  E80401            00168         CALL INPUT_NUMBER       ; Get number
7C25  09C0              00169         OR AX,AX        ; No number or zero?
7C27  740E              00170         JE STATEMENT    ; Yes, jump
7C29  E83D01            00171         CALL FIND_LINE  ; Find the line
7C2C  97                00172         XCHG AX,DI      
7C2D                    00173 ;       mov cx,max_length       ; CX loaded with this value in 'find_line'
7C2D  F3A4              00174         REP MOVSB       ; Copy entered line into program
7C2F  C3                00175         RET
7C30                    00176 
7C30                    00177         ;
7C30                    00178         ; Handle 'if' statement
7C30                    00179         ;
7C30                    00180 IF_STATEMENT:
7C30  E86D00            00181         CALL EXPR       ; Process expression
7C33  09C0              00182         OR AX,AX        ; Is it zero?
7C35  7459              00183         JE F6           ; Yes, return (ignore if)
7C37                    00184 STATEMENT:
7C37  E8D200            00185         CALL SPACES     ; Avoid spaces
7C3A  803C0D            00186         CMP BYTE [SI],0X0D  ; Empty line?
7C3D  7451              00187         JE F6           ; Yes, return
7C3F  BFC37D            00188         MOV DI,STATEMENTS   ; Point to statements list
7C42  8A05              00189 F5:     MOV AL,[DI]     ; Read length of the string
7C44  47                00190         INC DI          ; Avoid length byte
7C45  25FF00            00191         AND AX,0X00FF   ; Is it zero?
7C48  7413              00192         JE F4           ; Yes, jump
7C4A  91                00193         XCHG AX,CX
7C4B  56                00194         PUSH SI         ; Save current position
7C4C  F3A6              00195 F16:    REP CMPSB       ; Compare statement
7C4E  7506              00196         JNE F3          ; Equal? No, jump
7C50  58                00197         POP AX
7C51  E8B800            00198         CALL SPACES     ; Avoid spaces
7C54  FF25              00199         JMP WORD [DI]   ; Jump to process statement
7C56                    00200 
7C56  01CF              00201 F3:     ADD DI,CX       ; Advance the list pointer
7C58  47                00202         INC DI          ; Avoid the address
7C59  47                00203         INC DI
7C5A  5E                00204         POP SI
7C5B  EBE5              00205         JMP F5          ; Compare another statement
7C5D                    00206 
7C5D  E8A500            00207 F4:     CALL GET_VARIABLE       ; Try variable
7C60  50                00208         PUSH AX         ; Save address
7C61  AC                00209         LODSB           ; Read a line letter
7C62  3C3D              00210         CMP AL,'='      ; Is it assignment '=' ?
7C64  7434              00211         JE ASSIGNMENT   ; Yes, jump to assignment.
7C66                    00212 
7C66                    00213         ;
7C66                    00214         ; An error happened
7C66                    00215         ;
7C66                    00216 ERROR:
7C66  BE6E7C            00217         MOV SI,ERROR_MESSAGE
7C69  E82601            00218         CALL PRINT_2    ; Show error message
7C6C  EBA3              00219         JMP MAIN_LOOP   ; Exit to main loop
7C6E                    00220 
7C6E                    00221 ERROR_MESSAGE:
7C6E  4023210D          00222         DB "@#!",0X0D   ; Guess the words :P
7C72                    00223 
7C72                    00224         ;
7C72                    00225         ; Handle 'list' statement
7C72                    00226         ;
7C72                    00227 LIST_STATEMENT:
7C72  31C0              00228         XOR AX,AX       ; Start from line zero
7C74  50                00229 F29:    PUSH AX
7C75  E8F100            00230         CALL FIND_LINE  ; Find program line
7C78  96                00231         XCHG AX,SI
7C79  803C0D            00232         CMP BYTE [SI],0X0D ; Empty line?
7C7C  740B              00233         JE F30          ; Yes, jump
7C7E  58                00234         POP AX
7C7F  50                00235         PUSH AX
7C80  E89100            00236         CALL OUTPUT_NUMBER ; Show line number
7C83  AC                00237 F32:    LODSB           ; Show line contents
7C84  E82701            00238         CALL OUTPUT
7C87  75FA              00239         JNE F32         ; Jump if it wasn't 0x0d (CR)
7C89  58                00240 F30:    POP AX
7C8A  40                00241         INC AX          ; Go to next line
7C8B  3DE803            00242         CMP AX,MAX_LINE ; Finished?
7C8E  75E4              00243         JNE F29         ; No, continue
7C90                    00244 F6:
7C90  C3                00245         RET
7C91                    00246 
7C91                    00247         ;
7C91                    00248         ; Handle 'input' statement
7C91                    00249         ;
7C91                    00250 INPUT_STATEMENT:
7C91  E87100            00251         CALL GET_VARIABLE   ; Get variable address
7C94  50                00252         PUSH AX             ; Save it
7C95  B03F              00253         MOV AL,'?'          ; Prompt
7C97  E8D800            00254         CALL INPUT_LINE     ; Wait for line
7C9A                    00255         ;
7C9A                    00256         ; Second part of the assignment statement
7C9A                    00257         ;
7C9A                    00258 ASSIGNMENT:
7C9A  E80300            00259         CALL EXPR           ; Process expression
7C9D  5F                00260         POP DI
7C9E  AB                00261         STOSW               ; Save onto variable
7C9F  C3                00262         RET
7CA0                    00263 
7CA0                    00264         ;
7CA0                    00265         ; Handle an expression.
7CA0                    00266         ; First tier: addition & subtraction.
7CA0                    00267         ;
7CA0                    00268 EXPR:
7CA0  E81C00            00269         CALL EXPR1          ; Call second tier
7CA3  803C2D            00270 F20:    CMP BYTE [SI],'-'   ; Subtraction operator?
7CA6  740E              00271         JE F19              ; Yes, jump
7CA8  803C2B            00272         CMP BYTE [SI],'+'   ; Addition operator?
7CAB  75E3              00273         JNE F6              ; No, return
7CAD  50                00274         PUSH AX
7CAE  E80D00            00275         CALL EXPR1_2        ; Call second tier
7CB1  59                00276 F15:    POP CX
7CB2  01C8              00277         ADD AX,CX           ; Addition
7CB4  EBED              00278         JMP F20             ; Find more operators
7CB6                    00279 
7CB6                    00280 F19:
7CB6  50                00281         PUSH AX
7CB7  E80400            00282         CALL EXPR1_2        ; Call second tier
7CBA  F7D8              00283         NEG AX              ; Negate it (a - b converted to a + -b)
7CBC  EBF3              00284         JMP F15
7CBE                    00285 
7CBE                    00286         ;
7CBE                    00287         ; Handle an expression.
7CBE                    00288         ; Second tier: division & multiplication.
7CBE                    00289         ;
7CBE                    00290 EXPR1_2:
7CBE  46                00291         INC SI              ; Avoid operator
7CBF                    00292 EXPR1:
7CBF  E81F00            00293         CALL EXPR2          ; Call third tier
7CC2  803C2F            00294 F21:    CMP BYTE [SI],'/'   ; Division operator?
7CC5  740E              00295         JE F23              ; Yes, jump
7CC7  803C2A            00296         CMP BYTE [SI],'*'   ; Multiplication operator?
7CCA  75C4              00297         JNE F6              ; No, return
7CCC                    00298 
7CCC  50                00299         PUSH AX
7CCD  E81000            00300         CALL EXPR2_2        ; Call third tier
7CD0  59                00301         POP CX
7CD1  F7E9              00302         IMUL CX             ; Multiplication
7CD3  EBED              00303         JMP F21             ; Find more operators
7CD5                    00304 
7CD5                    00305 F23:
7CD5  50                00306         PUSH AX
7CD6  E80700            00307         CALL EXPR2_2        ; Call third tier
7CD9  59                00308         POP CX
7CDA  91                00309         XCHG AX,CX
7CDB  99                00310         CWD                 ; Expand AX to DX:AX
7CDC  F7F9              00311         IDIV CX             ; Signed division
7CDE  EBE2              00312         JMP F21             ; Find more operators
7CE0                    00313 
7CE0                    00314         ;
7CE0                    00315         ; Handle an expression.
7CE0                    00316         ; Third tier: parentheses, numbers and vars.
7CE0                    00317         ;
7CE0                    00318 EXPR2_2:
7CE0  46                00319         INC SI              ; Avoid operator
7CE1                    00320 EXPR2:
7CE1  E82800            00321         CALL SPACES         ; Jump spaces
7CE4  AC                00322         LODSB               ; Read character
7CE5  3C28              00323         CMP AL,'('          ; Open parenthesis?
7CE7  750B              00324         JNE F24
7CE9  E8B4FF            00325         CALL EXPR           ; Process inner expr.
7CEC  803C29            00326         CMP BYTE [SI],')'   ; Closing parenthesis?
7CEF  7420              00327         JE SPACES_2         ; Yes, avoid spaces
7CF1  E972FF            00328         JMP ERROR           ; No, jump to error
7CF4                    00329 
7CF4  3C40              00330 F24:    CMP AL,0X40         ; Variable?
7CF6  7306              00331         JNC F25             ; Yes, jump
7CF8  4E                00332         DEC SI              ; Back one letter...
7CF9  E82D00            00333         CALL INPUT_NUMBER   ; ...to read number
7CFC  EB0E              00334         JMP SPACES          ; Avoid spaces
7CFE                    00335         
7CFE  E80500            00336 F25:    CALL GET_VARIABLE_2 ; Get variable address
7D01  93                00337         XCHG AX,BX
7D02  8B07              00338         MOV AX,[BX]         ; Read
7D04  C3                00339         RET                 ; Return
7D05                    00340 
7D05                    00341         ;
7D05                    00342         ; Get variable address
7D05                    00343         ;
7D05                    00344 GET_VARIABLE:
7D05  AC                00345         LODSB               ; Read source
7D06                    00346 GET_VARIABLE_2:
7D06  241F              00347         AND AL,0X1F         ; 0x61-0x7a -> 0x01-0x1a
7D08  00C0              00348         ADD AL,AL           ; x 2 (each variable = word)
7D0A  B47E              00349         MOV AH,VARS>>8      ; Setup high-byte of address
7D0C                    00350         ;
7D0C                    00351         ; Avoid spaces
7D0C                    00352         ;
7D0C                    00353 SPACES:
7D0C  803C20            00354         CMP BYTE [SI],' '   ; Space found?
7D0F  752D              00355         JNE F22             ; No, return
7D11                    00356         ;
7D11                    00357         ; Avoid spaces after current character
7D11                    00358         ;
7D11                    00359 SPACES_2:
7D11  46                00360         INC SI              ; Advance to next character
7D12  EBF8              00361         JMP SPACES
7D14                    00362 
7D14                    00363         ;
7D14                    00364         ; Output unsigned number 
7D14                    00365         ; AX = value
7D14                    00366         ;
7D14                    00367 OUTPUT_NUMBER:
7D14                    00368 F26:
7D14  31D2              00369         XOR DX,DX           ; DX:AX
7D16  B90A00            00370         MOV CX,10           ; Divisor = 10
7D19  F7F1              00371         DIV CX              ; Divide
7D1B  09C0              00372         OR AX,AX            ; Nothing at left?
7D1D  52                00373         PUSH DX
7D1E  7403              00374         JE F8               ; No, jump
7D20  E8F1FF            00375         CALL F26            ; Yes, output left side
7D23  58                00376 F8:     POP AX
7D24  0430              00377         ADD AL,'0'          ; Output remainder as...
7D26  E98500            00378         JMP OUTPUT          ; ...ASCII digit
7D29                    00379 
7D29                    00380         ;
7D29                    00381         ; Read number in input
7D29                    00382         ; AX = result
7D29                    00383         ;
7D29                    00384 INPUT_NUMBER:
7D29  31DB              00385         XOR BX,BX           ; BX = 0
7D2B  AC                00386 F11:    LODSB               ; Read source
7D2C  2C30              00387         SUB AL,'0'
7D2E  3C0A              00388         CMP AL,10           ; Digit valid?
7D30  98                00389         CBW
7D31  93                00390         XCHG AX,BX
7D32  7309              00391         JNC F12             ; No, jump
7D34  B90A00            00392         MOV CX,10           ; Multiply by 10
7D37  F7E1              00393         MUL CX
7D39  01C3              00394         ADD BX,AX           ; Add new digit
7D3B  EBEE              00395         JMP F11             ; Continue
7D3D                    00396 
7D3D  4E                00397 F12:    DEC SI              ; SI points to first non-digit
7D3E                    00398 F22:
7D3E  C3                00399         RET
7D3F                    00400 
7D3F                    00401         ;
7D3F                    00402         ; Handle 'system' statement
7D3F                    00403         ;
7D3F                    00404 SYSTEM_STATEMENT:
7D3F  CD20              00405         INT 0X20
7D41                    00406 
7D41                    00407         ;
7D41                    00408         ; Handle 'goto' statement
7D41                    00409         ;
7D41                    00410 GOTO_STATEMENT:
7D41  E85CFF            00411         CALL EXPR           ; Handle expression
7D44  B9                00412         DB 0XB9             ; MOV CX to jump over XOR AX,AX
7D45                    00413 
7D45                    00414         ;
7D45                    00415         ; Handle 'run' statement
7D45                    00416         ; (equivalent to 'goto 0')
7D45                    00417         ;
7D45                    00418 RUN_STATEMENT:
7D45  31C0              00419         XOR AX,AX           
7D47                    00420 F10:
7D47  E81F00            00421         CALL FIND_LINE      ; Find line in program
7D4A  833E7E7E00        00422 F27:    CMP WORD [RUNNING],0 ; Already running?
7D4F  7404              00423         JE F31
7D51  A37E7E            00424         MOV [RUNNING],AX    ; Yes, target is new line
7D54  C3                00425         RET
7D55                    00426 F31:
7D55  50                00427         PUSH AX
7D56  5E                00428         POP SI
7D57  051400            00429         ADD AX,MAX_LENGTH   ; Point to next line
7D5A  A37E7E            00430         MOV [RUNNING],AX    ; Save for next time
7D5D  E8D7FE            00431         CALL STATEMENT      ; Process current statement
7D60  A17E7E            00432         MOV AX,[RUNNING]
7D63  3D20CD            00433         CMP AX,PROGRAM+MAX_SIZE ; Reached the end?
7D66  75ED              00434         JNE F31             ; No, continue
7D68  C3                00435         RET                 ; Yes, return
7D69                    00436 
7D69                    00437         ;
7D69                    00438         ; Find line in program
7D69                    00439         ; Entry:
7D69                    00440         ;   ax = line number
7D69                    00441         ; Result:
7D69                    00442         ;   ax = pointer to program
7D69                    00443 FIND_LINE:
7D69  B91400            00444         MOV CX,MAX_LENGTH
7D6C  F7E1              00445         MUL CX
7D6E  05007F            00446         ADD AX,PROGRAM
7D71  C3                00447         RET
7D72                    00448 
7D72                    00449         ;
7D72                    00450         ; Input line from keyboard
7D72                    00451         ; Entry:
7D72                    00452         ;   al = prompt character
7D72                    00453         ; Result:
7D72                    00454         ;   buffer 'line' contains line, finished with CR
7D72                    00455         ;   SI points to 'line'.
7D72                    00456         ;
7D72                    00457 INPUT_LINE:
7D72  E83900            00458         CALL OUTPUT
7D75  BE807E            00459         MOV SI,LINE
7D78  56                00460         PUSH SI
7D79  5F                00461         POP DI          ; Target for writing line
7D7A  E82D00            00462 F1:     CALL INPUT_KEY  ; Read keyboard
7D7D  AA                00463         STOSB           ; Save key in buffer
7D7E  3C08              00464         CMP AL,0X08     ; Backspace?
7D80  7502              00465         JNE F2          ; No, jump
7D82  4F                00466         DEC DI          ; Get back one character
7D83  4F                00467         DEC DI
7D84  3C0D              00468 F2:     CMP AL,0X0D     ; CR pressed?
7D86  75F2              00469         JNE F1          ; No, wait another key
7D88  C3                00470         RET             ; Yes, return
7D89                    00471 
7D89                    00472         ;
7D89                    00473         ; Handle "print" statement
7D89                    00474         ;
7D89                    00475 PRINT_STATEMENT:
7D89  AC                00476         LODSB           ; Read source
7D8A  3C0D              00477         CMP AL,0X0D     ; End of line?
7D8C  7424              00478         JE NEW_LINE     ; Yes, generate new line and return
7D8E  3C22              00479         CMP AL,'"'      ; Double quotes?
7D90  750B              00480         JNE F7          ; No, jump
7D92                    00481 PRINT_2:
7D92                    00482 F9:
7D92  AC                00483         LODSB           ; Read string contents
7D93  3C22              00484         CMP AL,'"'      ; Double quotes?
7D95  740D              00485         JE F18          ; Yes, jump
7D97  E81400            00486         CALL OUTPUT     ; Output character
7D9A  75F6              00487         JNE F9          ; Jump if not finished with 0x0d (CR)
7D9C  C3                00488         RET             ; Return
7D9D                    00489 
7D9D  4E                00490 F7:     DEC SI
7D9E  E8FFFE            00491         CALL EXPR       ; Handle expression
7DA1  E870FF            00492         CALL OUTPUT_NUMBER      ; Output result
7DA4  AC                00493 F18:    LODSB           ; Read next character
7DA5  3C3B              00494         CMP AL,';'      ; Is it semicolon?
7DA7  7509              00495         JNE NEW_LINE    ; No, jump to generate new line
7DA9  C3                00496         RET             ; Yes, return
7DAA                    00497 
7DAA                    00498         ;
7DAA                    00499         ; Read a key into al
7DAA                    00500         ; Also outputs it to screen
7DAA                    00501         ;
7DAA                    00502 INPUT_KEY:
7DAA  B400              00503         MOV AH,0X00
7DAC  CD16              00504         INT 0X16
7DAE                    00505         ;
7DAE                    00506         ; Screen output of character contained in al
7DAE                    00507         ; Expands 0x0d (CR) into 0x0a 0x0d (LF CR)
7DAE                    00508         ;
7DAE                    00509 OUTPUT:
7DAE  3C0D              00510         CMP AL,0X0D
7DB0  7507              00511         JNE F17
7DB2                    00512         ;
7DB2                    00513         ; Go to next line (generates LF+CR)
7DB2                    00514         ;
7DB2                    00515 NEW_LINE:
7DB2  B00A              00516         MOV AL,0X0A
7DB4  E80200            00517         CALL F17
7DB7  B00D              00518         MOV AL,0X0D
7DB9                    00519 F17:
7DB9  B40E              00520         MOV AH,0X0E
7DBB  BB0700            00521         MOV BX,0X0007
7DBE  CD10              00522         INT 0X10
7DC0  3C0D              00523         CMP AL,0X0D
7DC2  C3                00524         RET
7DC3                    00525 
7DC3                    00526         ;
7DC3                    00527         ; List of statements of bootBASIC
7DC3                    00528         ; First one byte with length of string
7DC3                    00529         ; Then string with statement
7DC3                    00530         ; Then a word with the address of the code
7DC3                    00531         ;
7DC3                    00532 STATEMENTS:
7DC3  036E6577          00533         DB 3,"new"
7DC7  007C              00534         DW START
7DC9                    00535 
7DC9  046C697374        00536         DB 4,"list"
7DCE  727C              00537         DW LIST_STATEMENT
7DD0                    00538 
7DD0  0372756E          00539         DB 3,"run"
7DD4  457D              00540         DW RUN_STATEMENT
7DD6                    00541 
7DD6  057072696E74      00542         DB 5,"print"
7DDC  897D              00543         DW PRINT_STATEMENT
7DDE                    00544 
7DDE  05696E707574      00545         DB 5,"input"
7DE4  917C              00546         DW INPUT_STATEMENT
7DE6                    00547 
7DE6  026966            00548         DB 2,"if"
7DE9  307C              00549         DW IF_STATEMENT
7DEB                    00550 
7DEB  04676F746F        00551         DB 4,"goto"
7DF0  417D              00552         DW GOTO_STATEMENT
7DF2                    00553 
7DF2  0673797374656D    00554         DB 6,"system"
7DF9  3F7D              00555         DW SYSTEM_STATEMENT
7DFB                    00556 
7DFB  00                00557         DB 0
7DFC                    00558 
7DFC                    00559         ;
7DFC                    00560         ; Boot sector filler
7DFC                    00561         ;
7DFC                    00562     %IF COM_FILE
7DFC                    00563     %ELSE
7DFC  4F4F              00564         TIMES 510-($-$$) DB 0X4F
7DFE  55AA              00565         DB 0X55,0XAA            ; Make it a bootable sector
7E00                    00566     %ENDIF
7E00                    00567 

00000 ERRORS FOUND
00000 WARNINGS FOUND

01024 PROGRAM BYTES

LABEL                VALUE/ADDRESS

ASSIGNMENT           7c9a
COM_FILE             0000
ERROR                7c66
ERROR_MESSAGE        7c6e
EXPR                 7ca0
EXPR1                7cbf
EXPR1_2              7cbe
EXPR2                7ce1
EXPR2_2              7ce0
F1                   7d7a
F10                  7d47
F11                  7d2b
F12                  7d3d
F15                  7cb1
F16                  7c4c
F17                  7db9
F18                  7da4
F19                  7cb6
F2                   7d84
F20                  7ca3
F21                  7cc2
F22                  7d3e
F23                  7cd5
F24                  7cf4
F25                  7cfe
F26                  7d14
F27                  7d4a
F29                  7c74
F3                   7c56
F30                  7c89
F31                  7d55
F32                  7c83
F4                   7c5d
F5                   7c42
F6                   7c90
F7                   7d9d
F8                   7d23
F9                   7d92
FIND_LINE            7d69
GET_VARIABLE         7d05
GET_VARIABLE_2       7d06
GOTO_STATEMENT       7d41
IF_STATEMENT         7c30
INPUT_KEY            7daa
INPUT_LINE           7d72
INPUT_NUMBER         7d29
INPUT_STATEMENT      7c91
LINE                 7e80
LIST_STATEMENT       7c72
MAIN_LOOP            7c11
MAX_LENGTH           0014
MAX_LINE             03e8
MAX_SIZE             4e20
NEW_LINE             7db2
OUTPUT               7dae
OUTPUT_NUMBER        7d14
PRINT_2              7d92
PRINT_STATEMENT      7d89
PROGRAM              7f00
RUNNING              7e7e
RUN_STATEMENT        7d45
SPACES               7d0c
SPACES_2             7d11
STACK                ff00
START                7c00
STATEMENT            7c37
STATEMENTS           7dc3
SYSTEM_STATEMENT     7d3f
VARS                 7e00
